mode: set
github.com/boretsotets/url-shortening-service/database/connection.go:10.69,12.16 2 1
github.com/boretsotets/url-shortening-service/database/connection.go:12.16,14.3 1 0
github.com/boretsotets/url-shortening-service/database/connection.go:15.2,16.18 2 1
github.com/boretsotets/url-shortening-service/database/connection.go:19.70,26.61 2 1
github.com/boretsotets/url-shortening-service/database/connection.go:26.61,28.3 1 0
github.com/boretsotets/url-shortening-service/database/connection.go:30.2,30.17 1 1
github.com/boretsotets/url-shortening-service/internal/authorization/authorization.go:21.65,23.42 2 1
github.com/boretsotets/url-shortening-service/internal/authorization/authorization.go:23.42,25.3 1 0
github.com/boretsotets/url-shortening-service/internal/authorization/authorization.go:26.2,33.35 3 1
github.com/boretsotets/url-shortening-service/internal/authorization/authorization.go:40.51,41.83 1 1
github.com/boretsotets/url-shortening-service/internal/authorization/authorization.go:41.83,43.3 1 1
github.com/boretsotets/url-shortening-service/internal/authorization/authorization.go:45.2,45.32 1 1
github.com/boretsotets/url-shortening-service/internal/authorization/authorization.go:45.32,47.3 1 1
github.com/boretsotets/url-shortening-service/internal/authorization/authorization.go:49.2,52.20 3 1
github.com/boretsotets/url-shortening-service/internal/handler/url_handler.go:19.75,21.2 1 1
github.com/boretsotets/url-shortening-service/internal/handler/url_handler.go:23.50,27.20 3 1
github.com/boretsotets/url-shortening-service/internal/handler/url_handler.go:27.20,31.3 3 0
github.com/boretsotets/url-shortening-service/internal/handler/url_handler.go:33.2,34.20 2 1
github.com/boretsotets/url-shortening-service/internal/handler/url_handler.go:34.20,38.3 3 0
github.com/boretsotets/url-shortening-service/internal/handler/url_handler.go:40.2,44.16 5 1
github.com/boretsotets/url-shortening-service/internal/handler/url_handler.go:44.16,48.3 3 0
github.com/boretsotets/url-shortening-service/internal/handler/url_handler.go:50.2,50.39 1 1
github.com/boretsotets/url-shortening-service/internal/handler/url_handler.go:53.49,55.20 2 1
github.com/boretsotets/url-shortening-service/internal/handler/url_handler.go:55.20,57.3 1 0
github.com/boretsotets/url-shortening-service/internal/handler/url_handler.go:58.2,62.16 3 1
github.com/boretsotets/url-shortening-service/internal/handler/url_handler.go:62.16,63.45 1 1
github.com/boretsotets/url-shortening-service/internal/handler/url_handler.go:63.45,65.4 1 0
github.com/boretsotets/url-shortening-service/internal/handler/url_handler.go:65.9,65.64 1 1
github.com/boretsotets/url-shortening-service/internal/handler/url_handler.go:65.64,69.4 3 1
github.com/boretsotets/url-shortening-service/internal/handler/url_handler.go:69.9,73.4 3 1
github.com/boretsotets/url-shortening-service/internal/handler/url_handler.go:75.2,75.39 1 1
github.com/boretsotets/url-shortening-service/internal/handler/url_handler.go:78.49,82.20 3 1
github.com/boretsotets/url-shortening-service/internal/handler/url_handler.go:82.20,84.3 1 0
github.com/boretsotets/url-shortening-service/internal/handler/url_handler.go:87.2,88.20 2 1
github.com/boretsotets/url-shortening-service/internal/handler/url_handler.go:88.20,90.3 1 0
github.com/boretsotets/url-shortening-service/internal/handler/url_handler.go:92.2,95.16 3 1
github.com/boretsotets/url-shortening-service/internal/handler/url_handler.go:95.16,96.48 1 1
github.com/boretsotets/url-shortening-service/internal/handler/url_handler.go:96.48,99.4 2 0
github.com/boretsotets/url-shortening-service/internal/handler/url_handler.go:99.9,99.56 1 1
github.com/boretsotets/url-shortening-service/internal/handler/url_handler.go:99.56,102.4 2 1
github.com/boretsotets/url-shortening-service/internal/handler/url_handler.go:102.9,105.4 2 0
github.com/boretsotets/url-shortening-service/internal/handler/url_handler.go:106.3,106.9 1 1
github.com/boretsotets/url-shortening-service/internal/handler/url_handler.go:109.2,109.40 1 1
github.com/boretsotets/url-shortening-service/internal/handler/url_handler.go:112.52,114.20 2 1
github.com/boretsotets/url-shortening-service/internal/handler/url_handler.go:114.20,116.3 1 0
github.com/boretsotets/url-shortening-service/internal/handler/url_handler.go:117.2,119.16 3 1
github.com/boretsotets/url-shortening-service/internal/handler/url_handler.go:119.16,120.47 1 1
github.com/boretsotets/url-shortening-service/internal/handler/url_handler.go:120.47,123.4 2 0
github.com/boretsotets/url-shortening-service/internal/handler/url_handler.go:123.9,123.56 1 1
github.com/boretsotets/url-shortening-service/internal/handler/url_handler.go:123.56,126.4 2 1
github.com/boretsotets/url-shortening-service/internal/handler/url_handler.go:126.9,129.4 2 0
github.com/boretsotets/url-shortening-service/internal/handler/url_handler.go:130.3,130.9 1 1
github.com/boretsotets/url-shortening-service/internal/handler/url_handler.go:132.2,132.32 1 1
github.com/boretsotets/url-shortening-service/internal/handler/url_handler.go:135.54,137.20 2 1
github.com/boretsotets/url-shortening-service/internal/handler/url_handler.go:137.20,139.3 1 0
github.com/boretsotets/url-shortening-service/internal/handler/url_handler.go:140.2,144.16 4 1
github.com/boretsotets/url-shortening-service/internal/handler/url_handler.go:144.16,145.47 1 1
github.com/boretsotets/url-shortening-service/internal/handler/url_handler.go:145.47,148.4 2 1
github.com/boretsotets/url-shortening-service/internal/handler/url_handler.go:148.9,148.56 1 1
github.com/boretsotets/url-shortening-service/internal/handler/url_handler.go:148.56,151.4 2 1
github.com/boretsotets/url-shortening-service/internal/handler/url_handler.go:151.9,154.4 2 0
github.com/boretsotets/url-shortening-service/internal/handler/url_handler.go:155.3,155.9 1 1
github.com/boretsotets/url-shortening-service/internal/handler/url_handler.go:158.2,158.41 1 1
github.com/boretsotets/url-shortening-service/internal/handler/user_handler.go:20.78,22.2 1 1
github.com/boretsotets/url-shortening-service/internal/handler/user_handler.go:24.55,27.20 3 1
github.com/boretsotets/url-shortening-service/internal/handler/user_handler.go:27.20,31.3 3 0
github.com/boretsotets/url-shortening-service/internal/handler/user_handler.go:33.2,34.16 2 1
github.com/boretsotets/url-shortening-service/internal/handler/user_handler.go:34.16,35.49 1 1
github.com/boretsotets/url-shortening-service/internal/handler/user_handler.go:35.49,38.4 2 1
github.com/boretsotets/url-shortening-service/internal/handler/user_handler.go:38.9,41.4 2 0
github.com/boretsotets/url-shortening-service/internal/handler/user_handler.go:42.3,42.9 1 1
github.com/boretsotets/url-shortening-service/internal/handler/user_handler.go:44.2,44.44 1 1
github.com/boretsotets/url-shortening-service/internal/handler/user_handler.go:48.52,51.20 3 1
github.com/boretsotets/url-shortening-service/internal/handler/user_handler.go:51.20,55.3 3 0
github.com/boretsotets/url-shortening-service/internal/handler/user_handler.go:56.2,61.16 4 1
github.com/boretsotets/url-shortening-service/internal/handler/user_handler.go:61.16,62.47 1 0
github.com/boretsotets/url-shortening-service/internal/handler/user_handler.go:62.47,65.4 2 0
github.com/boretsotets/url-shortening-service/internal/handler/user_handler.go:65.9,68.4 2 0
github.com/boretsotets/url-shortening-service/internal/handler/user_handler.go:69.3,69.9 1 0
github.com/boretsotets/url-shortening-service/internal/handler/user_handler.go:72.2,72.39 1 1
github.com/boretsotets/url-shortening-service/internal/handler/user_handler.go:75.54,81.20 4 1
github.com/boretsotets/url-shortening-service/internal/handler/user_handler.go:81.20,85.3 3 0
github.com/boretsotets/url-shortening-service/internal/handler/user_handler.go:87.2,88.16 2 1
github.com/boretsotets/url-shortening-service/internal/handler/user_handler.go:88.16,92.3 3 0
github.com/boretsotets/url-shortening-service/internal/handler/user_handler.go:94.2,95.16 2 1
github.com/boretsotets/url-shortening-service/internal/handler/user_handler.go:95.16,96.66 1 1
github.com/boretsotets/url-shortening-service/internal/handler/user_handler.go:96.66,98.4 1 1
github.com/boretsotets/url-shortening-service/internal/handler/user_handler.go:98.9,98.54 1 0
github.com/boretsotets/url-shortening-service/internal/handler/user_handler.go:98.54,100.4 1 0
github.com/boretsotets/url-shortening-service/internal/handler/user_handler.go:100.9,103.4 2 0
github.com/boretsotets/url-shortening-service/internal/handler/user_handler.go:104.3,104.9 1 1
github.com/boretsotets/url-shortening-service/internal/handler/user_handler.go:107.2,107.44 1 1
github.com/boretsotets/url-shortening-service/internal/middleware/middleware.go:17.44,18.30 1 1
github.com/boretsotets/url-shortening-service/internal/middleware/middleware.go:18.30,24.3 4 1
github.com/boretsotets/url-shortening-service/internal/middleware/middleware.go:27.59,28.30 1 1
github.com/boretsotets/url-shortening-service/internal/middleware/middleware.go:28.30,52.3 10 1
github.com/boretsotets/url-shortening-service/internal/middleware/middleware.go:55.66,56.30 1 1
github.com/boretsotets/url-shortening-service/internal/middleware/middleware.go:56.30,59.17 3 1
github.com/boretsotets/url-shortening-service/internal/middleware/middleware.go:59.17,64.4 3 1
github.com/boretsotets/url-shortening-service/internal/middleware/middleware.go:65.3,66.11 2 1
github.com/boretsotets/url-shortening-service/internal/middleware/middleware.go:70.49,71.30 1 1
github.com/boretsotets/url-shortening-service/internal/middleware/middleware.go:71.30,74.10 2 1
github.com/boretsotets/url-shortening-service/internal/middleware/middleware.go:75.71,77.46 2 1
github.com/boretsotets/url-shortening-service/internal/middleware/middleware.go:78.88,79.32 1 1
github.com/boretsotets/url-shortening-service/internal/middleware/middleware.go:80.72,81.38 1 1
github.com/boretsotets/url-shortening-service/internal/middleware/middleware.go:82.69,83.31 1 1
github.com/boretsotets/url-shortening-service/internal/middleware/middleware.go:84.88,85.34 1 1
github.com/boretsotets/url-shortening-service/internal/middleware/middleware.go:86.11,88.10 2 1
github.com/boretsotets/url-shortening-service/internal/middleware/middleware.go:104.3,104.45 1 1
github.com/boretsotets/url-shortening-service/internal/middleware/middleware.go:104.45,110.4 2 1
github.com/boretsotets/url-shortening-service/internal/middleware/middleware.go:112.3,113.11 2 1
github.com/boretsotets/url-shortening-service/internal/redisrepo/redis_repository.go:20.84,22.2 1 1
github.com/boretsotets/url-shortening-service/internal/redisrepo/redis_repository.go:24.112,26.2 1 1
github.com/boretsotets/url-shortening-service/internal/redisrepo/redis_repository.go:28.95,30.2 1 1
github.com/boretsotets/url-shortening-service/internal/redisrepo/redis_repository.go:32.83,42.2 2 1
github.com/boretsotets/url-shortening-service/internal/redisrepo/redis_repository.go:44.102,46.22 2 1
github.com/boretsotets/url-shortening-service/internal/redisrepo/redis_repository.go:46.22,48.3 1 1
github.com/boretsotets/url-shortening-service/internal/redisrepo/redis_repository.go:49.2,49.16 1 1
github.com/boretsotets/url-shortening-service/internal/redisrepo/redis_repository.go:49.16,52.3 2 0
github.com/boretsotets/url-shortening-service/internal/redisrepo/redis_repository.go:53.2,54.37 2 1
github.com/boretsotets/url-shortening-service/internal/redisrepo/redis_repository.go:54.37,57.3 2 1
github.com/boretsotets/url-shortening-service/internal/redisrepo/redis_repository.go:58.2,59.16 2 1
github.com/boretsotets/url-shortening-service/internal/redisrepo/redis_repository.go:59.16,62.3 2 0
github.com/boretsotets/url-shortening-service/internal/redisrepo/redis_repository.go:63.2,64.33 2 1
github.com/boretsotets/url-shortening-service/internal/redisrepo/redis_repository.go:64.33,67.3 2 1
github.com/boretsotets/url-shortening-service/internal/redisrepo/redis_repository.go:69.2,69.25 1 0
github.com/boretsotets/url-shortening-service/internal/redisrepo/redis_repository.go:72.115,75.16 3 1
github.com/boretsotets/url-shortening-service/internal/redisrepo/redis_repository.go:75.16,78.3 2 0
github.com/boretsotets/url-shortening-service/internal/redisrepo/redis_repository.go:80.2,80.22 1 1
github.com/boretsotets/url-shortening-service/internal/redisrepo/redis_repository.go:80.22,83.3 2 1
github.com/boretsotets/url-shortening-service/internal/redisrepo/redis_repository.go:86.2,87.29 2 1
github.com/boretsotets/url-shortening-service/internal/redisrepo/redis_repository.go:87.29,90.3 2 1
github.com/boretsotets/url-shortening-service/internal/redisrepo/redis_repository.go:91.2,95.16 5 1
github.com/boretsotets/url-shortening-service/internal/redisrepo/redis_repository.go:95.16,97.3 1 0
github.com/boretsotets/url-shortening-service/internal/redisrepo/redis_repository.go:98.2,99.16 2 1
github.com/boretsotets/url-shortening-service/internal/redisrepo/redis_repository.go:99.16,101.3 1 0
github.com/boretsotets/url-shortening-service/internal/redisrepo/redis_repository.go:102.2,103.18 2 1
github.com/boretsotets/url-shortening-service/internal/redisrepo/redis_repository.go:106.150,109.16 3 1
github.com/boretsotets/url-shortening-service/internal/redisrepo/redis_repository.go:109.16,112.3 2 1
github.com/boretsotets/url-shortening-service/internal/redisrepo/redis_repository.go:113.2,114.37 2 1
github.com/boretsotets/url-shortening-service/internal/redisrepo/redis_repository.go:114.37,117.3 2 1
github.com/boretsotets/url-shortening-service/internal/redisrepo/redis_repository.go:118.2,119.16 2 1
github.com/boretsotets/url-shortening-service/internal/redisrepo/redis_repository.go:119.16,122.3 2 0
github.com/boretsotets/url-shortening-service/internal/redisrepo/redis_repository.go:123.2,124.16 2 1
github.com/boretsotets/url-shortening-service/internal/redisrepo/redis_repository.go:124.16,127.3 2 0
github.com/boretsotets/url-shortening-service/internal/redisrepo/redis_repository.go:128.2,129.16 2 1
github.com/boretsotets/url-shortening-service/internal/redisrepo/redis_repository.go:129.16,132.3 2 0
github.com/boretsotets/url-shortening-service/internal/redisrepo/redis_repository.go:133.2,133.18 1 1
github.com/boretsotets/url-shortening-service/internal/redisrepo/redis_repository.go:136.95,138.16 2 1
github.com/boretsotets/url-shortening-service/internal/redisrepo/redis_repository.go:138.16,141.3 2 1
github.com/boretsotets/url-shortening-service/internal/redisrepo/redis_repository.go:142.2,143.37 2 1
github.com/boretsotets/url-shortening-service/internal/redisrepo/redis_repository.go:143.37,146.3 2 1
github.com/boretsotets/url-shortening-service/internal/redisrepo/redis_repository.go:147.2,148.12 2 1
github.com/boretsotets/url-shortening-service/internal/repository/url_repository.go:19.76,21.2 1 1
github.com/boretsotets/url-shortening-service/internal/repository/url_repository.go:23.85,30.2 3 1
github.com/boretsotets/url-shortening-service/internal/repository/url_repository.go:32.85,39.2 4 1
github.com/boretsotets/url-shortening-service/internal/repository/url_repository.go:41.138,46.16 3 1
github.com/boretsotets/url-shortening-service/internal/repository/url_repository.go:46.16,48.3 1 0
github.com/boretsotets/url-shortening-service/internal/repository/url_repository.go:49.2,49.32 1 1
github.com/boretsotets/url-shortening-service/internal/repository/url_repository.go:49.32,51.3 1 1
github.com/boretsotets/url-shortening-service/internal/repository/url_repository.go:53.2,56.21 2 0
github.com/boretsotets/url-shortening-service/internal/repository/url_repository.go:59.83,64.16 3 1
github.com/boretsotets/url-shortening-service/internal/repository/url_repository.go:64.16,66.3 1 0
github.com/boretsotets/url-shortening-service/internal/repository/url_repository.go:67.2,67.32 1 1
github.com/boretsotets/url-shortening-service/internal/repository/url_repository.go:67.32,69.3 1 1
github.com/boretsotets/url-shortening-service/internal/repository/url_repository.go:71.2,75.12 3 1
github.com/boretsotets/url-shortening-service/internal/repository/url_repository.go:78.90,84.2 3 1
github.com/boretsotets/url-shortening-service/internal/repository/user_repository.go:17.78,19.2 1 1
github.com/boretsotets/url-shortening-service/internal/repository/user_repository.go:21.99,27.2 3 1
github.com/boretsotets/url-shortening-service/internal/repository/user_repository.go:29.73,35.2 3 1
github.com/boretsotets/url-shortening-service/internal/service/url_service.go:24.116,26.2 1 1
github.com/boretsotets/url-shortening-service/internal/service/url_service.go:28.79,33.16 5 1
github.com/boretsotets/url-shortening-service/internal/service/url_service.go:33.16,35.3 1 0
github.com/boretsotets/url-shortening-service/internal/service/url_service.go:36.2,36.89 1 1
github.com/boretsotets/url-shortening-service/internal/service/url_service.go:36.89,38.3 1 1
github.com/boretsotets/url-shortening-service/internal/service/url_service.go:39.2,40.26 2 1
github.com/boretsotets/url-shortening-service/internal/service/url_service.go:45.42,50.25 3 1
github.com/boretsotets/url-shortening-service/internal/service/url_service.go:50.25,52.17 2 1
github.com/boretsotets/url-shortening-service/internal/service/url_service.go:52.17,54.4 1 0
github.com/boretsotets/url-shortening-service/internal/service/url_service.go:55.3,55.32 1 1
github.com/boretsotets/url-shortening-service/internal/service/url_service.go:57.2,57.29 1 1
github.com/boretsotets/url-shortening-service/internal/service/url_service.go:60.84,64.63 4 1
github.com/boretsotets/url-shortening-service/internal/service/url_service.go:64.63,66.3 1 0
github.com/boretsotets/url-shortening-service/internal/service/url_service.go:66.8,66.23 1 1
github.com/boretsotets/url-shortening-service/internal/service/url_service.go:66.23,68.57 2 1
github.com/boretsotets/url-shortening-service/internal/service/url_service.go:68.57,70.4 1 1
github.com/boretsotets/url-shortening-service/internal/service/url_service.go:70.9,70.24 1 1
github.com/boretsotets/url-shortening-service/internal/service/url_service.go:70.24,72.4 1 1
github.com/boretsotets/url-shortening-service/internal/service/url_service.go:73.3,74.17 2 1
github.com/boretsotets/url-shortening-service/internal/service/url_service.go:74.17,77.4 2 0
github.com/boretsotets/url-shortening-service/internal/service/url_service.go:78.3,78.24 1 1
github.com/boretsotets/url-shortening-service/internal/service/url_service.go:81.2,81.21 1 1
github.com/boretsotets/url-shortening-service/internal/service/url_service.go:84.108,85.87 1 1
github.com/boretsotets/url-shortening-service/internal/service/url_service.go:85.87,87.3 1 1
github.com/boretsotets/url-shortening-service/internal/service/url_service.go:88.2,90.64 3 1
github.com/boretsotets/url-shortening-service/internal/service/url_service.go:90.64,93.3 2 1
github.com/boretsotets/url-shortening-service/internal/service/url_service.go:93.8,93.23 1 1
github.com/boretsotets/url-shortening-service/internal/service/url_service.go:93.23,96.57 3 1
github.com/boretsotets/url-shortening-service/internal/service/url_service.go:96.57,98.4 1 1
github.com/boretsotets/url-shortening-service/internal/service/url_service.go:98.9,98.24 1 0
github.com/boretsotets/url-shortening-service/internal/service/url_service.go:98.24,100.4 1 0
github.com/boretsotets/url-shortening-service/internal/service/url_service.go:101.3,102.17 2 0
github.com/boretsotets/url-shortening-service/internal/service/url_service.go:102.17,105.4 2 0
github.com/boretsotets/url-shortening-service/internal/service/url_service.go:107.2,107.21 1 1
github.com/boretsotets/url-shortening-service/internal/service/url_service.go:110.77,113.59 3 1
github.com/boretsotets/url-shortening-service/internal/service/url_service.go:113.59,114.51 1 1
github.com/boretsotets/url-shortening-service/internal/service/url_service.go:114.51,116.4 1 1
github.com/boretsotets/url-shortening-service/internal/service/url_service.go:117.3,117.13 1 0
github.com/boretsotets/url-shortening-service/internal/service/url_service.go:119.2,122.16 4 1
github.com/boretsotets/url-shortening-service/internal/service/url_service.go:122.16,124.3 1 1
github.com/boretsotets/url-shortening-service/internal/service/url_service.go:125.2,125.12 1 1
github.com/boretsotets/url-shortening-service/internal/service/url_service.go:128.97,131.56 3 1
github.com/boretsotets/url-shortening-service/internal/service/url_service.go:131.56,133.3 1 1
github.com/boretsotets/url-shortening-service/internal/service/url_service.go:133.8,133.23 1 1
github.com/boretsotets/url-shortening-service/internal/service/url_service.go:133.23,136.57 3 1
github.com/boretsotets/url-shortening-service/internal/service/url_service.go:136.57,138.4 1 1
github.com/boretsotets/url-shortening-service/internal/service/url_service.go:138.9,138.24 1 1
github.com/boretsotets/url-shortening-service/internal/service/url_service.go:138.24,141.4 2 1
github.com/boretsotets/url-shortening-service/internal/service/url_service.go:142.3,143.17 2 1
github.com/boretsotets/url-shortening-service/internal/service/url_service.go:143.17,146.4 2 0
github.com/boretsotets/url-shortening-service/internal/service/url_service.go:149.2,149.21 1 1
github.com/boretsotets/url-shortening-service/internal/service/user_service.go:24.119,26.2 1 1
github.com/boretsotets/url-shortening-service/internal/service/user_service.go:28.112,34.16 5 1
github.com/boretsotets/url-shortening-service/internal/service/user_service.go:34.16,36.3 1 0
github.com/boretsotets/url-shortening-service/internal/service/user_service.go:38.2,40.16 3 1
github.com/boretsotets/url-shortening-service/internal/service/user_service.go:40.16,42.3 1 1
github.com/boretsotets/url-shortening-service/internal/service/user_service.go:44.2,45.16 2 1
github.com/boretsotets/url-shortening-service/internal/service/user_service.go:45.16,47.3 1 0
github.com/boretsotets/url-shortening-service/internal/service/user_service.go:49.2,50.16 2 1
github.com/boretsotets/url-shortening-service/internal/service/user_service.go:50.16,52.3 1 0
github.com/boretsotets/url-shortening-service/internal/service/user_service.go:54.2,56.16 2 1
github.com/boretsotets/url-shortening-service/internal/service/user_service.go:56.16,58.3 1 0
github.com/boretsotets/url-shortening-service/internal/service/user_service.go:60.2,60.34 1 1
github.com/boretsotets/url-shortening-service/internal/service/user_service.go:63.81,68.16 5 1
github.com/boretsotets/url-shortening-service/internal/service/user_service.go:68.16,70.3 1 0
github.com/boretsotets/url-shortening-service/internal/service/user_service.go:72.2,73.16 2 1
github.com/boretsotets/url-shortening-service/internal/service/user_service.go:73.16,75.3 1 0
github.com/boretsotets/url-shortening-service/internal/service/user_service.go:77.2,78.16 2 1
github.com/boretsotets/url-shortening-service/internal/service/user_service.go:78.16,80.3 1 0
github.com/boretsotets/url-shortening-service/internal/service/user_service.go:82.2,83.16 2 1
github.com/boretsotets/url-shortening-service/internal/service/user_service.go:83.16,85.3 1 0
github.com/boretsotets/url-shortening-service/internal/service/user_service.go:87.2,89.16 2 1
github.com/boretsotets/url-shortening-service/internal/service/user_service.go:89.16,91.3 1 0
github.com/boretsotets/url-shortening-service/internal/service/user_service.go:93.2,93.20 1 1
github.com/boretsotets/url-shortening-service/internal/service/user_service.go:96.94,99.16 3 1
github.com/boretsotets/url-shortening-service/internal/service/user_service.go:99.16,101.3 1 0
github.com/boretsotets/url-shortening-service/internal/service/user_service.go:102.2,105.32 3 1
github.com/boretsotets/url-shortening-service/internal/service/user_service.go:105.32,107.3 1 1
github.com/boretsotets/url-shortening-service/internal/service/user_service.go:108.2,111.16 3 1
github.com/boretsotets/url-shortening-service/internal/service/user_service.go:111.16,114.3 2 0
github.com/boretsotets/url-shortening-service/internal/service/user_service.go:115.2,116.16 2 1
github.com/boretsotets/url-shortening-service/internal/service/user_service.go:116.16,119.3 2 0
github.com/boretsotets/url-shortening-service/internal/service/user_service.go:121.2,123.16 2 1
github.com/boretsotets/url-shortening-service/internal/service/user_service.go:123.16,126.3 2 0
github.com/boretsotets/url-shortening-service/internal/service/user_service.go:127.2,127.20 1 1
